Microchip MPLAB XC8 Compiler V1.12 ()

Linker command line:

-W-3 --edf=C:\Program Files (x86)\Microchip\xc8\v1.12\dat\en_msgs.txt -cs \
  -h+dist/default/production\BT_STEPPER_FINAL.X.production.sym -z -Q16F877A \
  -ol.obj -Mdist/default/production/BT_STEPPER_FINAL.X.production.map -E1 \
  -ver=XC8 -ACONST=00h-0FFhx32 -ACODE=00h-07FFhx4 -ASTRCODE=00h-01FFFh \
  -AENTRY=00h-0FFhx32 -ASTRING=00h-0FFhx32 -ACOMMON=070h-07Fh \
  -ABANK0=020h-06Fh -ABANK1=0A0h-0EFh -ABANK2=0110h-016Fh \
  -ABANK3=0190h-01EFh -ARAM=020h-06Fh,0A0h-0EFh,0110h-016Fh,0190h-01EFh \
  -AABS1=020h-07Fh,0A0h-0EFh,0110h-016Fh,0190h-01EFh -ASFR0=00h-01Fh \
  -ASFR1=080h-09Fh -ASFR2=0100h-010Fh -ASFR3=0180h-018Fh \
  -preset_vec=00h,intentry=04h,init,end_init -ppowerup=CODE -pfunctab=CODE \
  -ACONFIG=02007h-02007h -pconfig=CONFIG -DCONFIG=2 -AIDLOC=02000h-02003h \
  -pidloc=IDLOC -DIDLOC=2 -AEEDATA=00h-0FFh/02100h -peeprom_data=EEDATA \
  -DEEDATA=2 -DCODE=2 -DSTRCODE=2 -DSTRING=2 -DCONST=2 -DENTRY=2 -k \
  G:\temp\Temp\s478.obj \
  dist/default/production\BT_STEPPER_FINAL.X.production.obj 

Object code version is 3.10

Machine type is 16F877A



                Name                               Link     Load   Length Selector   Space Scale
G:\temp\Temp\s478.obj
                end_init                             12       12        3        8       0
                reset_vec                             0        0        3        0       0
dist/default/production\BT_STEPPER_FINAL.X.production.obj
                intentry                              4        4        E        8       0
                text250                             42B      42B       20      7D2       0
                text249                             469      469       1E      7D2       0
                text248                             44B      44B       1E      7D2       0
                text247                             4B7      4B7        8      7D2       0
                text246                             49A      49A       10      7D2       0
                text245                             35A      35A       33        8       0
                text244                              15       15      30F        8       0
                text243                             3E9      3E9       22      7D2       0
                text242                             40B      40B       20      7D2       0
                text241                             324      324       36        8       0
                text240                             487      487       13      7D2       0
                maintext                            38D      38D       2F        8       0
                cstackBANK0                          20       20        D       20       1
                cstackCOMMON                         70       70        9       70       1
                bssBANK0                             2D       2D        6       20       1
                bssCOMMON                            79       79        3       70       1
                cinit                               4AA      4AA        D      7D2       0
                strings                             3BC      3BC       2D      778       0
                nvCOMMON                             7C       7C        2       70       1

TOTAL           Name                               Link     Load   Length     Space
        CLASS   CONST          

        CLASS   CODE           
                end_init                             12       12        3         0
                intentry                              4        4        E         0
                reset_vec                             0        0        3         0
                text250                             42B      42B       20         0
                text249                             469      469       1E         0
                text248                             44B      44B       1E         0
                text247                             4B7      4B7        8         0
                text246                             49A      49A       10         0
                text245                             35A      35A       33         0
                text244                              15       15      30F         0
                text243                             3E9      3E9       22         0
                text242                             40B      40B       20         0
                text241                             324      324       36         0
                text240                             487      487       13         0
                maintext                            38D      38D       2F         0
                cinit                               4AA      4AA        D         0

        CLASS   STRCODE        

        CLASS   ENTRY          

        CLASS   STRING         
                strings                             3BC      3BC       2D         0

        CLASS   COMMON         
                cstackCOMMON                         70       70        9         1
                bssCOMMON                            79       79        3         1
                nvCOMMON                             7C       7C        2         1

        CLASS   BANK0          
                cstackBANK0                          20       20        D         1
                bssBANK0                             2D       2D        6         1

        CLASS   BANK1          

        CLASS   BANK2          

        CLASS   BANK3          

        CLASS   RAM            

        CLASS   ABS1           
                abs_s1                               7E       7E        2         1

        CLASS   SFR0           

        CLASS   SFR1           

        CLASS   SFR2           

        CLASS   SFR3           

        CLASS   CONFIG         

        CLASS   IDLOC          

        CLASS   EEDATA         



SEGMENTS        Name                           Load    Length   Top    Selector   Space  Class     Delta

                reset_vec                      000000  000003  000003         0       0  CODE        2
                intentry                       000004  0003B8  0003BC         8       0  CODE        2
                cstackBANK0                    000020  000013  000033        20       1  BANK0       1
                cstackCOMMON                   000070  00000E  00007E        70       1  COMMON      1
                strings                        0003BC  00002D  0003E9       778       0  STRING      2
                text243                        0003E9  0000D6  0004BF       7D2       0  CODE        2


UNUSED ADDRESS RANGES

        Name                Unused          Largest block    Delta
        BANK0            033-06F            3D           1
        BANK1            0A0-0EF            50           1
        BANK2            110-16F            60           1
        BANK3            190-1EF            60           1
        CODE             003-003             1           2
                         4BF-1FFF           800
        CONFIG           2007-2007             1           2
        CONST            003-003             1           2
                         4BF-1FFF           100
        EEDATA           2100-21FF           100           2
        ENTRY            003-003             1           2
                         4BF-1FFF           100
        IDLOC            2000-2003             4           2
        RAM              033-06F            3D           1
                         0A0-0EF            50
                         110-16F            60
                         190-1EF            60
        SFR0             000-01F            20           1
        SFR1             080-09F            20           1
        SFR2             100-10F            10           1
        SFR3             180-18F            10           1
        STRCODE          003-003             1           2
                         4BF-1FFF          1B41
        STRING           003-003             1           2
                         4BF-1FFF           100

                                  Symbol Table

?_lcd_goto               cstackCOMMON 075
?_lcd_puts               cstackCOMMON 075
_ADCON1                  (abs)        09F
_BRGH                    (abs)        4C2
_CREN                    (abs)        0C4
_GIE                     (abs)        05F
_PEIE                    (abs)        05E
_PIR1bits                (abs)        00C
_PORTA                   (abs)        005
_PORTC                   (abs)        007
_PORTD                   (abs)        008
_PORTE                   (abs)        009
_RC0                     (abs)        038
_RC1                     (abs)        039
_RCIE                    (abs)        465
_RCREG                   (abs)        01A
_RCSTAbits               (abs)        018
_SPBRG                   (abs)        099
_SPEN                    (abs)        0C7
_SYNC                    (abs)        4C4
_TRISA                   (abs)        085
_TRISC                   (abs)        087
_TRISC6                  (abs)        43E
_TRISC7                  (abs)        43F
_TXEN                    (abs)        4C5
_TXIF                    (abs)        064
_UART_Buffer             bssCOMMON    07B
_UART_RX_Init            text240      487
__Habs1                  abs1         000
__Hbank0                 bank0        000
__Hbank1                 bank1        000
__Hbank2                 bank2        000
__Hbank3                 bank3        000
__HbssBANK0              bssBANK0     000
__HbssCOMMON             bssCOMMON    000
__Hcinit                 cinit        000
__Hclrtext               clrtext      000
__Hcode                  code         000
__Hcommon                common       000
__Hconfig                config       000
__HcstackBANK0           cstackBANK0  000
__HcstackCOMMON          cstackCOMMON 000
__Heeprom_data           eeprom_data  000
__Hend_init              end_init     015
__Hfunctab               functab      000
__Hidloc                 idloc        000
__Hinit                  init         012
__Hintentry              intentry     012
__Hmaintext              maintext     000
__HnvCOMMON              nvCOMMON     000
__Hpowerup               powerup      000
__Hram                   ram          000
__Hreset_vec             reset_vec    003
__Hsfr0                  sfr0         000
__Hsfr1                  sfr1         000
__Hsfr2                  sfr2         000
__Hsfr3                  sfr3         000
__Hstrings               strings      000
__Htext                  text         000
__Labs1                  abs1         000
__Lbank0                 bank0        000
__Lbank1                 bank1        000
__Lbank2                 bank2        000
__Lbank3                 bank3        000
__LbssBANK0              bssBANK0     000
__LbssCOMMON             bssCOMMON    000
__Lcinit                 cinit        000
__Lclrtext               clrtext      000
__Lcode                  code         000
__Lcommon                common       000
__Lconfig                config       000
__LcstackBANK0           cstackBANK0  000
__LcstackCOMMON          cstackCOMMON 000
__Leeprom_data           eeprom_data  000
__Lend_init              end_init     012
__Lfunctab               functab      000
__Lidloc                 idloc        000
__Linit                  init         012
__Lintentry              intentry     004
__Lmaintext              maintext     000
__LnvCOMMON              nvCOMMON     000
__Lpowerup               powerup      000
__Lram                   ram          000
__Lreset_vec             reset_vec    000
__Lsfr0                  sfr0         000
__Lsfr1                  sfr1         000
__Lsfr2                  sfr2         000
__Lsfr3                  sfr3         000
__Lstrings               strings      000
__Ltext                  text         000
__S0                     (abs)        4BF
__S1                     (abs)        07E
__S2                     (abs)        000
__end_of_UART_RX_Init    text240      49A
__end_of__initialization cinit        4B3
__end_of__stringdata     strings      3E9
__end_of__stringtab      strings      3CC
__end_of_delay           text243      40B
__end_of_lcd_clear       text246      4AA
__end_of_lcd_goto        text247      4BF
__end_of_lcd_init        text241      35A
__end_of_lcd_ins         text242      42B
__end_of_lcd_putch       text248      469
__end_of_lcd_puts        text245      38D
__end_of_main            maintext     3BC
__end_of_myISR           text244      324
__end_ofi1_delay         text250      44B
__end_ofi1_lcd_ins       text249      487
__initialization         cinit        4AA
__pbssBANK0              bssBANK0     02D
__pbssCOMMON             bssCOMMON    079
__pcstackBANK0           cstackBANK0  020
__pcstackCOMMON          cstackCOMMON 070
__pintentry              intentry     004
__pmaintext              maintext     38D
__pnvCOMMON              nvCOMMON     07C
__pstrings               strings      3BC
__ptext240               text240      487
__ptext241               text241      324
__ptext242               text242      40B
__ptext243               text243      3E9
__ptext244               text244      015
__ptext245               text245      35A
__ptext246               text246      49A
__ptext247               text247      4B7
__ptext248               text248      44B
__ptext249               text249      469
__ptext250               text250      42B
__ptext251               text251      000
__size_of_UART_RX_Init   (abs)        000
__size_of_delay          (abs)        000
__size_of_lcd_clear      (abs)        000
__size_of_lcd_goto       (abs)        000
__size_of_lcd_init       (abs)        000
__size_of_lcd_ins        (abs)        000
__size_of_lcd_putch      (abs)        000
__size_of_lcd_puts       (abs)        000
__size_of_main           (abs)        000
__size_of_myISR          (abs)        000
__size_ofi1_delay        (abs)        000
__size_ofi1_lcd_ins      (abs)        000
__stringdata             strings      3CC
__stringtab              strings      3BC
_a                       nvCOMMON     07C
_d                       bssBANK0     02D
_delay                   text243      3E9
_i                       bssCOMMON    079
_lcd_clear               text246      49A
_lcd_goto                text247      4B7
_lcd_init                text241      324
_lcd_ins                 text242      40B
_lcd_putch               text248      44B
_lcd_puts                text245      35A
_main                    maintext     38D
_myISR                   text244      015
btemp                    (abs)        07E
delay@d                  cstackBANK0  026
end_of_initialization    cinit        4B3
i1_delay                 text250      42B
i1_lcd_ins               text249      469
i1delay@d                cstackCOMMON 070
i1lcd_ins@a              cstackCOMMON 074
interrupt_function       intentry     004
intlevel0                functab      000
intlevel1                functab      000
intlevel2                functab      000
intlevel3                functab      000
intlevel4                functab      000
intlevel5                functab      000
lcd_goto@x               cstackCOMMON 075
lcd_ins@a                cstackBANK0  02A
lcd_putch@a              cstackCOMMON 074
lcd_puts@p               cstackCOMMON 075
reset_vec                reset_vec    000
saved_w                  (abs)        07E
start                    init         012
start_initialization     cinit        4AA
wtemp0                   (abs)        07E


FUNCTION INFORMATION:

 *************** function _main *****************
 Defined at:
		line 84 in file "bt_stepper_final.c"
 Parameters:    Size  Location     Type
		None
 Auto vars:     Size  Location     Type
  i               2    0        int 
 Return value:  Size  Location     Type
		None               void
 Registers used:
		wreg, status,2, status,0, pclath, cstack
 Tracked objects:
		On entry : 
		On exit  : 
		Unchanged: 
 Data sizes:     COMMON   BANK0   BANK1   BANK3   BANK2
      Params:         0       0       0       0       0
      Locals:         0       0       0       0       0
      Temps:          0       0       0       0       0
      Totals:         0       0       0       0       0
Total ram usage:        0 bytes
 Hardware stack levels required when called:    7
 This function calls:
		_UART_RX_Init
		_lcd_init
		_lcd_ins
 This function is called by:
		Startup code after reset
 This function uses a non-reentrant model


 *************** function _UART_RX_Init *****************
 Defined at:
		line 131 in file "bt_stepper_final.c"
 Parameters:    Size  Location     Type
		None
 Auto vars:     Size  Location     Type
		None
 Return value:  Size  Location     Type
		None               void
 Registers used:
		wreg
 Tracked objects:
		On entry : 
		On exit  : 
		Unchanged: 
 Data sizes:     COMMON   BANK0   BANK1   BANK3   BANK2
      Params:         0       0       0       0       0
      Locals:         0       0       0       0       0
      Temps:          0       0       0       0       0
      Totals:         0       0       0       0       0
Total ram usage:        0 bytes
 Hardware stack levels used:    1
 Hardware stack levels required when called:    4
 This function calls:
		Nothing
 This function is called by:
		_main
 This function uses a non-reentrant model


 *************** function _lcd_init *****************
 Defined at:
		line 36 in file "bt_stepper_final.c"
 Parameters:    Size  Location     Type
		None
 Auto vars:     Size  Location     Type
		None
 Return value:  Size  Location     Type
		None               void
 Registers used:
		wreg, status,2, status,0, pclath, cstack
 Tracked objects:
		On entry : 
		On exit  : 
		Unchanged: 
 Data sizes:     COMMON   BANK0   BANK1   BANK3   BANK2
      Params:         0       0       0       0       0
      Locals:         0       0       0       0       0
      Temps:          0       2       0       0       0
      Totals:         0       2       0       0       0
Total ram usage:        2 bytes
 Hardware stack levels used:    1
 Hardware stack levels required when called:    6
 This function calls:
		_lcd_ins
 This function is called by:
		_main
 This function uses a non-reentrant model


 *************** function _lcd_ins *****************
 Defined at:
		line 20 in file "bt_stepper_final.c"
 Parameters:    Size  Location     Type
  a               1    wreg     unsigned char 
 Auto vars:     Size  Location     Type
  a               1   10[BANK0 ] unsigned char 
 Return value:  Size  Location     Type
		None               void
 Registers used:
		wreg, status,2, status,0, pclath, cstack
 Tracked objects:
		On entry : 
		On exit  : 
		Unchanged: 
 Data sizes:     COMMON   BANK0   BANK1   BANK3   BANK2
      Params:         0       0       0       0       0
      Locals:         0       1       0       0       0
      Temps:          0       2       0       0       0
      Totals:         0       3       0       0       0
Total ram usage:        3 bytes
 Hardware stack levels used:    1
 Hardware stack levels required when called:    5
 This function calls:
		_delay
 This function is called by:
		_lcd_init
		_main
		_lcd_shift
 This function uses a non-reentrant model


 *************** function _delay *****************
 Defined at:
		line 14 in file "bt_stepper_final.c"
 Parameters:    Size  Location     Type
		None
 Auto vars:     Size  Location     Type
  d               2    6[BANK0 ] unsigned int 
 Return value:  Size  Location     Type
		None               void
 Registers used:
		wreg
 Tracked objects:
		On entry : 
		On exit  : 
		Unchanged: 
 Data sizes:     COMMON   BANK0   BANK1   BANK3   BANK2
      Params:         0       0       0       0       0
      Locals:         0       2       0       0       0
      Temps:          0       0       0       0       0
      Totals:         0       2       0       0       0
Total ram usage:        2 bytes
 Hardware stack levels used:    1
 Hardware stack levels required when called:    4
 This function calls:
		Nothing
 This function is called by:
		_lcd_ins
 This function uses a non-reentrant model


 *************** function _myISR *****************
 Defined at:
		line 148 in file "bt_stepper_final.c"
 Parameters:    Size  Location     Type
		None
 Auto vars:     Size  Location     Type
		None
 Return value:  Size  Location     Type
		None               void
 Registers used:
		wreg, fsr0l, fsr0h, status,2, status,0, btemp+1, pclath, cstack
 Tracked objects:
		On entry : 
		On exit  : 
		Unchanged: 
 Data sizes:     COMMON   BANK0   BANK1   BANK3   BANK2
      Params:         0       0       0       0       0
      Locals:         0       0       0       0       0
      Temps:          0       6       0       0       0
      Totals:         0       6       0       0       0
Total ram usage:        6 bytes
 Hardware stack levels used:    1
 Hardware stack levels required when called:    3
 This function calls:
		_lcd_puts
		_lcd_clear
		_lcd_goto
		_lcd_putch
 This function is called by:
		Interrupt level 1
 This function uses a non-reentrant model


 *************** function _lcd_puts *****************
 Defined at:
		line 54 in file "bt_stepper_final.c"
 Parameters:    Size  Location     Type
  p               2    5[COMMON] PTR unsigned char 
		 -> RAM(512), STR_3(13), STR_2(11), STR_1(5), 
 Auto vars:     Size  Location     Type
		None
 Return value:  Size  Location     Type
		None               void
 Registers used:
		wreg, fsr0l, fsr0h, status,2, status,0, btemp+1, pclath, cstack
 Tracked objects:
		On entry : 
		On exit  : 
		Unchanged: 
 Data sizes:     COMMON   BANK0   BANK1   BANK3   BANK2
      Params:         2       0       0       0       0
      Locals:         0       0       0       0       0
      Temps:          2       0       0       0       0
      Totals:         4       0       0       0       0
Total ram usage:        4 bytes
 Hardware stack levels used:    1
 Hardware stack levels required when called:    2
 This function calls:
		_lcd_putch
 This function is called by:
		_myISR
 This function uses a non-reentrant model


 *************** function _lcd_clear *****************
 Defined at:
		line 48 in file "bt_stepper_final.c"
 Parameters:    Size  Location     Type
		None
 Auto vars:     Size  Location     Type
		None
 Return value:  Size  Location     Type
		None               void
 Registers used:
		wreg, status,2, status,0, pclath, cstack
 Tracked objects:
		On entry : 
		On exit  : 
		Unchanged: 
 Data sizes:     COMMON   BANK0   BANK1   BANK3   BANK2
      Params:         0       0       0       0       0
      Locals:         0       0       0       0       0
      Temps:          2       0       0       0       0
      Totals:         2       0       0       0       0
Total ram usage:        2 bytes
 Hardware stack levels used:    1
 Hardware stack levels required when called:    2
 This function calls:
		i1_lcd_ins
 This function is called by:
		_myISR
 This function uses a non-reentrant model


 *************** function _lcd_goto *****************
 Defined at:
		line 64 in file "bt_stepper_final.c"
 Parameters:    Size  Location     Type
  x               2    5[COMMON] int 
 Auto vars:     Size  Location     Type
		None
 Return value:  Size  Location     Type
		None               void
 Registers used:
		wreg, status,2, status,0, pclath, cstack
 Tracked objects:
		On entry : 
		On exit  : 
		Unchanged: 
 Data sizes:     COMMON   BANK0   BANK1   BANK3   BANK2
      Params:         2       0       0       0       0
      Locals:         0       0       0       0       0
      Temps:          0       0       0       0       0
      Totals:         2       0       0       0       0
Total ram usage:        2 bytes
 Hardware stack levels used:    1
 Hardware stack levels required when called:    2
 This function calls:
		i1_lcd_ins
 This function is called by:
		_myISR
 This function uses a non-reentrant model


 *************** function _lcd_putch *****************
 Defined at:
		line 28 in file "bt_stepper_final.c"
 Parameters:    Size  Location     Type
  a               1    wreg     unsigned char 
 Auto vars:     Size  Location     Type
  a               1    4[COMMON] unsigned char 
 Return value:  Size  Location     Type
		None               void
 Registers used:
		wreg, status,2, status,0, pclath, cstack
 Tracked objects:
		On entry : 
		On exit  : 
		Unchanged: 
 Data sizes:     COMMON   BANK0   BANK1   BANK3   BANK2
      Params:         0       0       0       0       0
      Locals:         1       0       0       0       0
      Temps:          2       0       0       0       0
      Totals:         3       0       0       0       0
Total ram usage:        3 bytes
 Hardware stack levels used:    1
 Hardware stack levels required when called:    1
 This function calls:
		i1_delay
 This function is called by:
		_lcd_puts
		_myISR
 This function uses a non-reentrant model


 *************** function i1_lcd_ins *****************
 Defined at:
		line 20 in file "bt_stepper_final.c"
 Parameters:    Size  Location     Type
  lcd_ins         1    wreg     unsigned char 
 Auto vars:     Size  Location     Type
  lcd_ins         1    4[COMMON] unsigned char 
 Return value:  Size  Location     Type
		None               void
 Registers used:
		wreg, status,2, status,0, pclath, cstack
 Tracked objects:
		On entry : 
		On exit  : 
		Unchanged: 
 Data sizes:     COMMON   BANK0   BANK1   BANK3   BANK2
      Params:         0       0       0       0       0
      Locals:         1       0       0       0       0
      Temps:          2       0       0       0       0
      Totals:         3       0       0       0       0
Total ram usage:        3 bytes
 Hardware stack levels used:    1
 Hardware stack levels required when called:    1
 This function calls:
		i1_delay
 This function is called by:
		_lcd_clear
		_lcd_goto
 This function uses a non-reentrant model


 *************** function i1_delay *****************
 Defined at:
		line 14 in file "bt_stepper_final.c"
 Parameters:    Size  Location     Type
		None
 Auto vars:     Size  Location     Type
  delay           2    0[COMMON] unsigned int 
 Return value:  Size  Location     Type
		None               void
 Registers used:
		wreg
 Tracked objects:
		On entry : 
		On exit  : 
		Unchanged: 
 Data sizes:     COMMON   BANK0   BANK1   BANK3   BANK2
      Params:         0       0       0       0       0
      Locals:         2       0       0       0       0
      Temps:          0       0       0       0       0
      Totals:         2       0       0       0       0
Total ram usage:        2 bytes
 Hardware stack levels used:    1
 This function calls:
		Nothing
 This function is called by:
		_lcd_putch
		i1_lcd_ins
 This function uses a non-reentrant model



MODULE INFORMATION

Module		Function		Class		Link	Load	Size
shared
		__stringtab    		STRING         	03BC	0000	16
		__stringdata   		STRING         	03CC	0000	29
		__initializatio		CODE           	04AA	0000	9
		i1_delay       		CODE           	042B	0000	32
		i1_lcd_ins     		CODE           	0469	0000	30

shared estimated size: 116

bt_stepper_final.c
		_delay         		CODE           	03E9	0000	34
		_lcd_puts      		CODE           	035A	0000	51
		_lcd_putch     		CODE           	044B	0000	30
		_myISR         		CODE           	0015	0000	783
		_UART_RX_Init  		CODE           	0487	0000	19
		_main          		CODE           	038D	0000	47
		_lcd_clear     		CODE           	049A	0000	16
		_lcd_goto      		CODE           	04B7	0000	8
		_lcd_ins       		CODE           	040B	0000	32
		_lcd_init      		CODE           	0324	0000	54

bt_stepper_final.c estimated size: 1074

